TimeQuest Timing Analyzer report for Contador_VL
Tue Nov 22 09:26:14 2016
Quartus Prime Version 16.0.0 Build 211 04/27/2016 SJ Lite Edition


---------------------
; Table of Contents ;
---------------------
  1. Legal Notice
  2. TimeQuest Timing Analyzer Summary
  3. Parallel Compilation
  4. Clocks
  5. Slow 1200mV 125C Model Fmax Summary
  6. Timing Closure Recommendations
  7. Slow 1200mV 125C Model Setup Summary
  8. Slow 1200mV 125C Model Hold Summary
  9. Slow 1200mV 125C Model Recovery Summary
 10. Slow 1200mV 125C Model Removal Summary
 11. Slow 1200mV 125C Model Minimum Pulse Width Summary
 12. Slow 1200mV 125C Model Setup: 'clock'
 13. Slow 1200mV 125C Model Hold: 'clock'
 14. Slow 1200mV 125C Model Metastability Summary
 15. Slow 1200mV -40C Model Fmax Summary
 16. Slow 1200mV -40C Model Setup Summary
 17. Slow 1200mV -40C Model Hold Summary
 18. Slow 1200mV -40C Model Recovery Summary
 19. Slow 1200mV -40C Model Removal Summary
 20. Slow 1200mV -40C Model Minimum Pulse Width Summary
 21. Slow 1200mV -40C Model Setup: 'clock'
 22. Slow 1200mV -40C Model Hold: 'clock'
 23. Slow 1200mV -40C Model Metastability Summary
 24. Fast 1200mV -40C Model Setup Summary
 25. Fast 1200mV -40C Model Hold Summary
 26. Fast 1200mV -40C Model Recovery Summary
 27. Fast 1200mV -40C Model Removal Summary
 28. Fast 1200mV -40C Model Minimum Pulse Width Summary
 29. Fast 1200mV -40C Model Setup: 'clock'
 30. Fast 1200mV -40C Model Hold: 'clock'
 31. Fast 1200mV -40C Model Metastability Summary
 32. Multicorner Timing Analysis Summary
 33. Board Trace Model Assignments
 34. Input Transition Times
 35. Signal Integrity Metrics (Slow 1200mv n40c Model)
 36. Signal Integrity Metrics (Slow 1200mv 125c Model)
 37. Signal Integrity Metrics (Fast 1200mv n40c Model)
 38. Setup Transfers
 39. Hold Transfers
 40. Report TCCS
 41. Report RSKM
 42. Unconstrained Paths Summary
 43. Clock Status Summary
 44. Unconstrained Input Ports
 45. Unconstrained Output Ports
 46. Unconstrained Input Ports
 47. Unconstrained Output Ports
 48. TimeQuest Timing Analyzer Messages



----------------
; Legal Notice ;
----------------
Copyright (C) 1991-2016 Altera Corporation. All rights reserved.
Your use of Altera Corporation's design tools, logic functions 
and other software and tools, and its AMPP partner logic 
functions, and any output files from any of the foregoing 
(including device programming or simulation files), and any 
associated documentation or information are expressly subject 
to the terms and conditions of the Altera Program License 
Subscription Agreement, the Altera Quartus Prime License Agreement,
the Altera MegaCore Function License Agreement, or other 
applicable license agreement, including, without limitation, 
that your use is for the sole purpose of programming logic 
devices manufactured by Altera and sold by Altera or its 
authorized distributors.  Please refer to the applicable 
agreement for further details.



+-----------------------------------------------------------------------------+
; TimeQuest Timing Analyzer Summary                                           ;
+-----------------------+-----------------------------------------------------+
; Quartus Prime Version ; Version 16.0.0 Build 211 04/27/2016 SJ Lite Edition ;
; Timing Analyzer       ; TimeQuest                                           ;
; Revision Name         ; Contador_VL                                         ;
; Device Family         ; Cyclone IV E                                        ;
; Device Name           ; EP4CE6E22A7                                         ;
; Timing Models         ; Final                                               ;
; Delay Model           ; Combined                                            ;
; Rise/Fall Delays      ; Enabled                                             ;
+-----------------------+-----------------------------------------------------+


Parallel compilation was disabled, but you have multiple processors available. Enable parallel compilation to reduce compilation time.
+-------------------------------------+
; Parallel Compilation                ;
+----------------------------+--------+
; Processors                 ; Number ;
+----------------------------+--------+
; Number detected on machine ; 4      ;
; Maximum allowed            ; 1      ;
+----------------------------+--------+


+-----------------------------------------------------------------------------------------------------------------------------------------------------------------------------------+
; Clocks                                                                                                                                                                            ;
+------------+------+--------+------------+-------+-------+------------+-----------+-------------+-------+--------+-----------+------------+----------+--------+--------+-----------+
; Clock Name ; Type ; Period ; Frequency  ; Rise  ; Fall  ; Duty Cycle ; Divide by ; Multiply by ; Phase ; Offset ; Edge List ; Edge Shift ; Inverted ; Master ; Source ; Targets   ;
+------------+------+--------+------------+-------+-------+------------+-----------+-------------+-------+--------+-----------+------------+----------+--------+--------+-----------+
; clock      ; Base ; 1.000  ; 1000.0 MHz ; 0.000 ; 0.500 ;            ;           ;             ;       ;        ;           ;            ;          ;        ;        ; { clock } ;
+------------+------+--------+------------+-------+-------+------------+-----------+-------------+-------+--------+-----------+------------+----------+--------+--------+-----------+


+-----------------------------------------------------------------------------------------------------------+
; Slow 1200mV 125C Model Fmax Summary                                                                       ;
+------------+-----------------+------------+---------------------------------------------------------------+
; Fmax       ; Restricted Fmax ; Clock Name ; Note                                                          ;
+------------+-----------------+------------+---------------------------------------------------------------+
; 522.19 MHz ; 250.0 MHz       ; clock      ; limit due to minimum period restriction (max I/O toggle rate) ;
+------------+-----------------+------------+---------------------------------------------------------------+
This panel reports FMAX for every clock in the design, regardless of the user-specified clock periods.  FMAX is only computed for paths where the source and destination registers or ports are driven by the same clock.  Paths of different clocks, including generated clocks, are ignored.  For paths between a clock and its inversion, FMAX is computed as if the rising and falling edges are scaled along with FMAX, such that the duty cycle (in terms of a percentage) is maintained. Altera recommends that you always use clock constraints and other slack reports for sign-off analysis.


----------------------------------
; Timing Closure Recommendations ;
----------------------------------
HTML report is unavailable in plain text report export.


+--------------------------------------+
; Slow 1200mV 125C Model Setup Summary ;
+-------+--------+---------------------+
; Clock ; Slack  ; End Point TNS       ;
+-------+--------+---------------------+
; clock ; -0.915 ; -3.247              ;
+-------+--------+---------------------+


+-------------------------------------+
; Slow 1200mV 125C Model Hold Summary ;
+-------+-------+---------------------+
; Clock ; Slack ; End Point TNS       ;
+-------+-------+---------------------+
; clock ; 0.428 ; 0.000               ;
+-------+-------+---------------------+


-------------------------------------------
; Slow 1200mV 125C Model Recovery Summary ;
-------------------------------------------
No paths to report.


------------------------------------------
; Slow 1200mV 125C Model Removal Summary ;
------------------------------------------
No paths to report.


+----------------------------------------------------+
; Slow 1200mV 125C Model Minimum Pulse Width Summary ;
+-------+--------+-----------------------------------+
; Clock ; Slack  ; End Point TNS                     ;
+-------+--------+-----------------------------------+
; clock ; -3.000 ; -10.435                           ;
+-------+--------+-----------------------------------+


+--------------------------------------------------------------------------------------------------------------+
; Slow 1200mV 125C Model Setup: 'clock'                                                                        ;
+--------+---------------+---------------+--------------+-------------+--------------+------------+------------+
; Slack  ; From Node     ; To Node       ; Launch Clock ; Latch Clock ; Relationship ; Clock Skew ; Data Delay ;
+--------+---------------+---------------+--------------+-------------+--------------+------------+------------+
; -0.915 ; cont          ; saida[2]~reg0 ; clock        ; clock       ; 1.000        ; -0.075     ; 1.837      ;
; -0.909 ; saida[0]~reg0 ; saida[3]~reg0 ; clock        ; clock       ; 1.000        ; -0.075     ; 1.831      ;
; -0.904 ; cont          ; saida[3]~reg0 ; clock        ; clock       ; 1.000        ; -0.075     ; 1.826      ;
; -0.895 ; saida[1]~reg0 ; saida[2]~reg0 ; clock        ; clock       ; 1.000        ; -0.075     ; 1.817      ;
; -0.884 ; saida[1]~reg0 ; saida[3]~reg0 ; clock        ; clock       ; 1.000        ; -0.075     ; 1.806      ;
; -0.806 ; saida[0]~reg0 ; saida[2]~reg0 ; clock        ; clock       ; 1.000        ; -0.075     ; 1.728      ;
; -0.780 ; saida[2]~reg0 ; saida[3]~reg0 ; clock        ; clock       ; 1.000        ; -0.075     ; 1.702      ;
; -0.769 ; saida[0]~reg0 ; saida[1]~reg0 ; clock        ; clock       ; 1.000        ; -0.075     ; 1.691      ;
; -0.654 ; saida[2]~reg0 ; cont          ; clock        ; clock       ; 1.000        ; -0.075     ; 1.576      ;
; -0.466 ; saida[3]~reg0 ; cont          ; clock        ; clock       ; 1.000        ; -0.075     ; 1.388      ;
; -0.449 ; saida[0]~reg0 ; cont          ; clock        ; clock       ; 1.000        ; -0.075     ; 1.371      ;
; -0.354 ; saida[1]~reg0 ; cont          ; clock        ; clock       ; 1.000        ; -0.075     ; 1.276      ;
; -0.289 ; saida[2]~reg0 ; saida[2]~reg0 ; clock        ; clock       ; 1.000        ; -0.075     ; 1.211      ;
; -0.283 ; saida[3]~reg0 ; saida[3]~reg0 ; clock        ; clock       ; 1.000        ; -0.075     ; 1.205      ;
; -0.281 ; cont          ; saida[1]~reg0 ; clock        ; clock       ; 1.000        ; -0.075     ; 1.203      ;
; -0.264 ; saida[1]~reg0 ; saida[1]~reg0 ; clock        ; clock       ; 1.000        ; -0.075     ; 1.186      ;
; 0.128  ; saida[0]~reg0 ; saida[0]~reg0 ; clock        ; clock       ; 1.000        ; -0.075     ; 0.794      ;
; 0.159  ; cont          ; cont          ; clock        ; clock       ; 1.000        ; -0.075     ; 0.763      ;
+--------+---------------+---------------+--------------+-------------+--------------+------------+------------+


+-------------------------------------------------------------------------------------------------------------+
; Slow 1200mV 125C Model Hold: 'clock'                                                                        ;
+-------+---------------+---------------+--------------+-------------+--------------+------------+------------+
; Slack ; From Node     ; To Node       ; Launch Clock ; Latch Clock ; Relationship ; Clock Skew ; Data Delay ;
+-------+---------------+---------------+--------------+-------------+--------------+------------+------------+
; 0.428 ; cont          ; cont          ; clock        ; clock       ; 0.000        ; 0.075      ; 0.692      ;
; 0.429 ; saida[0]~reg0 ; saida[0]~reg0 ; clock        ; clock       ; 0.000        ; 0.075      ; 0.693      ;
; 0.681 ; saida[1]~reg0 ; saida[1]~reg0 ; clock        ; clock       ; 0.000        ; 0.075      ; 0.945      ;
; 0.690 ; cont          ; saida[2]~reg0 ; clock        ; clock       ; 0.000        ; 0.075      ; 0.954      ;
; 0.693 ; cont          ; saida[1]~reg0 ; clock        ; clock       ; 0.000        ; 0.075      ; 0.957      ;
; 0.695 ; saida[3]~reg0 ; saida[3]~reg0 ; clock        ; clock       ; 0.000        ; 0.075      ; 0.959      ;
; 0.698 ; saida[2]~reg0 ; saida[2]~reg0 ; clock        ; clock       ; 0.000        ; 0.075      ; 0.962      ;
; 0.700 ; saida[2]~reg0 ; cont          ; clock        ; clock       ; 0.000        ; 0.075      ; 0.964      ;
; 0.862 ; saida[1]~reg0 ; cont          ; clock        ; clock       ; 0.000        ; 0.075      ; 1.126      ;
; 0.890 ; cont          ; saida[3]~reg0 ; clock        ; clock       ; 0.000        ; 0.075      ; 1.154      ;
; 0.948 ; saida[3]~reg0 ; cont          ; clock        ; clock       ; 0.000        ; 0.075      ; 1.212      ;
; 0.980 ; saida[0]~reg0 ; cont          ; clock        ; clock       ; 0.000        ; 0.075      ; 1.244      ;
; 1.007 ; saida[1]~reg0 ; saida[2]~reg0 ; clock        ; clock       ; 0.000        ; 0.075      ; 1.271      ;
; 1.033 ; saida[0]~reg0 ; saida[1]~reg0 ; clock        ; clock       ; 0.000        ; 0.075      ; 1.297      ;
; 1.034 ; saida[0]~reg0 ; saida[2]~reg0 ; clock        ; clock       ; 0.000        ; 0.075      ; 1.298      ;
; 1.042 ; saida[2]~reg0 ; saida[3]~reg0 ; clock        ; clock       ; 0.000        ; 0.075      ; 1.306      ;
; 1.140 ; saida[1]~reg0 ; saida[3]~reg0 ; clock        ; clock       ; 0.000        ; 0.075      ; 1.404      ;
; 1.167 ; saida[0]~reg0 ; saida[3]~reg0 ; clock        ; clock       ; 0.000        ; 0.075      ; 1.431      ;
+-------+---------------+---------------+--------------+-------------+--------------+------------+------------+


------------------------------------------------
; Slow 1200mV 125C Model Metastability Summary ;
------------------------------------------------
No synchronizer chains to report.


+-----------------------------------------------------------------------------------------------------------+
; Slow 1200mV -40C Model Fmax Summary                                                                       ;
+------------+-----------------+------------+---------------------------------------------------------------+
; Fmax       ; Restricted Fmax ; Clock Name ; Note                                                          ;
+------------+-----------------+------------+---------------------------------------------------------------+
; 621.89 MHz ; 250.0 MHz       ; clock      ; limit due to minimum period restriction (max I/O toggle rate) ;
+------------+-----------------+------------+---------------------------------------------------------------+
This panel reports FMAX for every clock in the design, regardless of the user-specified clock periods.  FMAX is only computed for paths where the source and destination registers or ports are driven by the same clock.  Paths of different clocks, including generated clocks, are ignored.  For paths between a clock and its inversion, FMAX is computed as if the rising and falling edges are scaled along with FMAX, such that the duty cycle (in terms of a percentage) is maintained. Altera recommends that you always use clock constraints and other slack reports for sign-off analysis.


+--------------------------------------+
; Slow 1200mV -40C Model Setup Summary ;
+-------+--------+---------------------+
; Clock ; Slack  ; End Point TNS       ;
+-------+--------+---------------------+
; clock ; -0.608 ; -2.088              ;
+-------+--------+---------------------+


+-------------------------------------+
; Slow 1200mV -40C Model Hold Summary ;
+-------+-------+---------------------+
; Clock ; Slack ; End Point TNS       ;
+-------+-------+---------------------+
; clock ; 0.343 ; 0.000               ;
+-------+-------+---------------------+


-------------------------------------------
; Slow 1200mV -40C Model Recovery Summary ;
-------------------------------------------
No paths to report.


------------------------------------------
; Slow 1200mV -40C Model Removal Summary ;
------------------------------------------
No paths to report.


+----------------------------------------------------+
; Slow 1200mV -40C Model Minimum Pulse Width Summary ;
+-------+--------+-----------------------------------+
; Clock ; Slack  ; End Point TNS                     ;
+-------+--------+-----------------------------------+
; clock ; -3.000 ; -9.425                            ;
+-------+--------+-----------------------------------+


+--------------------------------------------------------------------------------------------------------------+
; Slow 1200mV -40C Model Setup: 'clock'                                                                        ;
+--------+---------------+---------------+--------------+-------------+--------------+------------+------------+
; Slack  ; From Node     ; To Node       ; Launch Clock ; Latch Clock ; Relationship ; Clock Skew ; Data Delay ;
+--------+---------------+---------------+--------------+-------------+--------------+------------+------------+
; -0.608 ; saida[0]~reg0 ; saida[3]~reg0 ; clock        ; clock       ; 1.000        ; -0.063     ; 1.545      ;
; -0.591 ; cont          ; saida[2]~reg0 ; clock        ; clock       ; 1.000        ; -0.063     ; 1.528      ;
; -0.577 ; saida[1]~reg0 ; saida[2]~reg0 ; clock        ; clock       ; 1.000        ; -0.063     ; 1.514      ;
; -0.558 ; cont          ; saida[3]~reg0 ; clock        ; clock       ; 1.000        ; -0.063     ; 1.495      ;
; -0.544 ; saida[1]~reg0 ; saida[3]~reg0 ; clock        ; clock       ; 1.000        ; -0.063     ; 1.481      ;
; -0.513 ; saida[2]~reg0 ; saida[3]~reg0 ; clock        ; clock       ; 1.000        ; -0.063     ; 1.450      ;
; -0.506 ; saida[0]~reg0 ; saida[2]~reg0 ; clock        ; clock       ; 1.000        ; -0.063     ; 1.443      ;
; -0.500 ; saida[0]~reg0 ; saida[1]~reg0 ; clock        ; clock       ; 1.000        ; -0.063     ; 1.437      ;
; -0.389 ; saida[2]~reg0 ; cont          ; clock        ; clock       ; 1.000        ; -0.063     ; 1.326      ;
; -0.247 ; saida[0]~reg0 ; cont          ; clock        ; clock       ; 1.000        ; -0.063     ; 1.184      ;
; -0.242 ; saida[3]~reg0 ; cont          ; clock        ; clock       ; 1.000        ; -0.063     ; 1.179      ;
; -0.127 ; saida[1]~reg0 ; cont          ; clock        ; clock       ; 1.000        ; -0.063     ; 1.064      ;
; -0.073 ; saida[3]~reg0 ; saida[3]~reg0 ; clock        ; clock       ; 1.000        ; -0.063     ; 1.010      ;
; -0.073 ; cont          ; saida[1]~reg0 ; clock        ; clock       ; 1.000        ; -0.063     ; 1.010      ;
; -0.069 ; saida[2]~reg0 ; saida[2]~reg0 ; clock        ; clock       ; 1.000        ; -0.063     ; 1.006      ;
; -0.058 ; saida[1]~reg0 ; saida[1]~reg0 ; clock        ; clock       ; 1.000        ; -0.063     ; 0.995      ;
; 0.275  ; saida[0]~reg0 ; saida[0]~reg0 ; clock        ; clock       ; 1.000        ; -0.063     ; 0.662      ;
; 0.299  ; cont          ; cont          ; clock        ; clock       ; 1.000        ; -0.063     ; 0.638      ;
+--------+---------------+---------------+--------------+-------------+--------------+------------+------------+


+-------------------------------------------------------------------------------------------------------------+
; Slow 1200mV -40C Model Hold: 'clock'                                                                        ;
+-------+---------------+---------------+--------------+-------------+--------------+------------+------------+
; Slack ; From Node     ; To Node       ; Launch Clock ; Latch Clock ; Relationship ; Clock Skew ; Data Delay ;
+-------+---------------+---------------+--------------+-------------+--------------+------------+------------+
; 0.343 ; cont          ; cont          ; clock        ; clock       ; 0.000        ; 0.063      ; 0.574      ;
; 0.357 ; saida[0]~reg0 ; saida[0]~reg0 ; clock        ; clock       ; 0.000        ; 0.063      ; 0.588      ;
; 0.595 ; saida[1]~reg0 ; saida[1]~reg0 ; clock        ; clock       ; 0.000        ; 0.063      ; 0.826      ;
; 0.603 ; cont          ; saida[2]~reg0 ; clock        ; clock       ; 0.000        ; 0.063      ; 0.834      ;
; 0.605 ; cont          ; saida[1]~reg0 ; clock        ; clock       ; 0.000        ; 0.063      ; 0.836      ;
; 0.607 ; saida[3]~reg0 ; saida[3]~reg0 ; clock        ; clock       ; 0.000        ; 0.063      ; 0.838      ;
; 0.608 ; saida[2]~reg0 ; saida[2]~reg0 ; clock        ; clock       ; 0.000        ; 0.063      ; 0.839      ;
; 0.609 ; saida[2]~reg0 ; cont          ; clock        ; clock       ; 0.000        ; 0.063      ; 0.840      ;
; 0.754 ; saida[1]~reg0 ; cont          ; clock        ; clock       ; 0.000        ; 0.063      ; 0.985      ;
; 0.779 ; cont          ; saida[3]~reg0 ; clock        ; clock       ; 0.000        ; 0.063      ; 1.010      ;
; 0.808 ; saida[3]~reg0 ; cont          ; clock        ; clock       ; 0.000        ; 0.063      ; 1.039      ;
; 0.848 ; saida[0]~reg0 ; cont          ; clock        ; clock       ; 0.000        ; 0.063      ; 1.079      ;
; 0.869 ; saida[1]~reg0 ; saida[2]~reg0 ; clock        ; clock       ; 0.000        ; 0.063      ; 1.100      ;
; 0.875 ; saida[0]~reg0 ; saida[1]~reg0 ; clock        ; clock       ; 0.000        ; 0.063      ; 1.106      ;
; 0.884 ; saida[2]~reg0 ; saida[3]~reg0 ; clock        ; clock       ; 0.000        ; 0.063      ; 1.115      ;
; 0.889 ; saida[0]~reg0 ; saida[2]~reg0 ; clock        ; clock       ; 0.000        ; 0.063      ; 1.120      ;
; 0.959 ; saida[1]~reg0 ; saida[3]~reg0 ; clock        ; clock       ; 0.000        ; 0.063      ; 1.190      ;
; 0.979 ; saida[0]~reg0 ; saida[3]~reg0 ; clock        ; clock       ; 0.000        ; 0.063      ; 1.210      ;
+-------+---------------+---------------+--------------+-------------+--------------+------------+------------+


------------------------------------------------
; Slow 1200mV -40C Model Metastability Summary ;
------------------------------------------------
No synchronizer chains to report.


+--------------------------------------+
; Fast 1200mV -40C Model Setup Summary ;
+-------+-------+----------------------+
; Clock ; Slack ; End Point TNS        ;
+-------+-------+----------------------+
; clock ; 0.145 ; 0.000                ;
+-------+-------+----------------------+


+-------------------------------------+
; Fast 1200mV -40C Model Hold Summary ;
+-------+-------+---------------------+
; Clock ; Slack ; End Point TNS       ;
+-------+-------+---------------------+
; clock ; 0.179 ; 0.000               ;
+-------+-------+---------------------+


-------------------------------------------
; Fast 1200mV -40C Model Recovery Summary ;
-------------------------------------------
No paths to report.


------------------------------------------
; Fast 1200mV -40C Model Removal Summary ;
------------------------------------------
No paths to report.


+----------------------------------------------------+
; Fast 1200mV -40C Model Minimum Pulse Width Summary ;
+-------+--------+-----------------------------------+
; Clock ; Slack  ; End Point TNS                     ;
+-------+--------+-----------------------------------+
; clock ; -3.000 ; -8.300                            ;
+-------+--------+-----------------------------------+


+-------------------------------------------------------------------------------------------------------------+
; Fast 1200mV -40C Model Setup: 'clock'                                                                       ;
+-------+---------------+---------------+--------------+-------------+--------------+------------+------------+
; Slack ; From Node     ; To Node       ; Launch Clock ; Latch Clock ; Relationship ; Clock Skew ; Data Delay ;
+-------+---------------+---------------+--------------+-------------+--------------+------------+------------+
; 0.145 ; cont          ; saida[3]~reg0 ; clock        ; clock       ; 1.000        ; -0.035     ; 0.808      ;
; 0.149 ; cont          ; saida[2]~reg0 ; clock        ; clock       ; 1.000        ; -0.035     ; 0.804      ;
; 0.155 ; saida[1]~reg0 ; saida[3]~reg0 ; clock        ; clock       ; 1.000        ; -0.035     ; 0.798      ;
; 0.159 ; saida[1]~reg0 ; saida[2]~reg0 ; clock        ; clock       ; 1.000        ; -0.035     ; 0.794      ;
; 0.166 ; saida[0]~reg0 ; saida[3]~reg0 ; clock        ; clock       ; 1.000        ; -0.035     ; 0.787      ;
; 0.197 ; saida[0]~reg0 ; saida[2]~reg0 ; clock        ; clock       ; 1.000        ; -0.035     ; 0.756      ;
; 0.223 ; saida[2]~reg0 ; saida[3]~reg0 ; clock        ; clock       ; 1.000        ; -0.035     ; 0.730      ;
; 0.230 ; saida[0]~reg0 ; saida[1]~reg0 ; clock        ; clock       ; 1.000        ; -0.035     ; 0.723      ;
; 0.252 ; saida[2]~reg0 ; cont          ; clock        ; clock       ; 1.000        ; -0.035     ; 0.701      ;
; 0.339 ; saida[0]~reg0 ; cont          ; clock        ; clock       ; 1.000        ; -0.035     ; 0.614      ;
; 0.340 ; saida[3]~reg0 ; cont          ; clock        ; clock       ; 1.000        ; -0.035     ; 0.613      ;
; 0.376 ; saida[1]~reg0 ; cont          ; clock        ; clock       ; 1.000        ; -0.035     ; 0.577      ;
; 0.417 ; saida[2]~reg0 ; saida[2]~reg0 ; clock        ; clock       ; 1.000        ; -0.035     ; 0.536      ;
; 0.417 ; saida[3]~reg0 ; saida[3]~reg0 ; clock        ; clock       ; 1.000        ; -0.035     ; 0.536      ;
; 0.417 ; cont          ; saida[1]~reg0 ; clock        ; clock       ; 1.000        ; -0.035     ; 0.536      ;
; 0.428 ; saida[1]~reg0 ; saida[1]~reg0 ; clock        ; clock       ; 1.000        ; -0.035     ; 0.525      ;
; 0.608 ; saida[0]~reg0 ; saida[0]~reg0 ; clock        ; clock       ; 1.000        ; -0.035     ; 0.345      ;
; 0.618 ; cont          ; cont          ; clock        ; clock       ; 1.000        ; -0.035     ; 0.335      ;
+-------+---------------+---------------+--------------+-------------+--------------+------------+------------+


+-------------------------------------------------------------------------------------------------------------+
; Fast 1200mV -40C Model Hold: 'clock'                                                                        ;
+-------+---------------+---------------+--------------+-------------+--------------+------------+------------+
; Slack ; From Node     ; To Node       ; Launch Clock ; Latch Clock ; Relationship ; Clock Skew ; Data Delay ;
+-------+---------------+---------------+--------------+-------------+--------------+------------+------------+
; 0.179 ; cont          ; cont          ; clock        ; clock       ; 0.000        ; 0.035      ; 0.296      ;
; 0.183 ; saida[0]~reg0 ; saida[0]~reg0 ; clock        ; clock       ; 0.000        ; 0.035      ; 0.300      ;
; 0.289 ; saida[1]~reg0 ; saida[1]~reg0 ; clock        ; clock       ; 0.000        ; 0.035      ; 0.406      ;
; 0.293 ; saida[3]~reg0 ; saida[3]~reg0 ; clock        ; clock       ; 0.000        ; 0.035      ; 0.410      ;
; 0.293 ; cont          ; saida[2]~reg0 ; clock        ; clock       ; 0.000        ; 0.035      ; 0.410      ;
; 0.293 ; cont          ; saida[1]~reg0 ; clock        ; clock       ; 0.000        ; 0.035      ; 0.410      ;
; 0.298 ; saida[2]~reg0 ; cont          ; clock        ; clock       ; 0.000        ; 0.035      ; 0.415      ;
; 0.298 ; saida[2]~reg0 ; saida[2]~reg0 ; clock        ; clock       ; 0.000        ; 0.035      ; 0.415      ;
; 0.358 ; saida[1]~reg0 ; cont          ; clock        ; clock       ; 0.000        ; 0.035      ; 0.475      ;
; 0.369 ; cont          ; saida[3]~reg0 ; clock        ; clock       ; 0.000        ; 0.035      ; 0.486      ;
; 0.400 ; saida[3]~reg0 ; cont          ; clock        ; clock       ; 0.000        ; 0.035      ; 0.517      ;
; 0.411 ; saida[0]~reg0 ; cont          ; clock        ; clock       ; 0.000        ; 0.035      ; 0.528      ;
; 0.432 ; saida[1]~reg0 ; saida[2]~reg0 ; clock        ; clock       ; 0.000        ; 0.035      ; 0.549      ;
; 0.444 ; saida[0]~reg0 ; saida[1]~reg0 ; clock        ; clock       ; 0.000        ; 0.035      ; 0.561      ;
; 0.446 ; saida[0]~reg0 ; saida[2]~reg0 ; clock        ; clock       ; 0.000        ; 0.035      ; 0.563      ;
; 0.451 ; saida[2]~reg0 ; saida[3]~reg0 ; clock        ; clock       ; 0.000        ; 0.035      ; 0.568      ;
; 0.490 ; saida[1]~reg0 ; saida[3]~reg0 ; clock        ; clock       ; 0.000        ; 0.035      ; 0.607      ;
; 0.504 ; saida[0]~reg0 ; saida[3]~reg0 ; clock        ; clock       ; 0.000        ; 0.035      ; 0.621      ;
+-------+---------------+---------------+--------------+-------------+--------------+------------+------------+


------------------------------------------------
; Fast 1200mV -40C Model Metastability Summary ;
------------------------------------------------
No synchronizer chains to report.


+------------------------------------------------------------------------------+
; Multicorner Timing Analysis Summary                                          ;
+------------------+--------+-------+----------+---------+---------------------+
; Clock            ; Setup  ; Hold  ; Recovery ; Removal ; Minimum Pulse Width ;
+------------------+--------+-------+----------+---------+---------------------+
; Worst-case Slack ; -0.915 ; 0.179 ; N/A      ; N/A     ; -3.000              ;
;  clock           ; -0.915 ; 0.179 ; N/A      ; N/A     ; -3.000              ;
; Design-wide TNS  ; -3.247 ; 0.0   ; 0.0      ; 0.0     ; -10.435             ;
;  clock           ; -3.247 ; 0.000 ; N/A      ; N/A     ; -10.435             ;
+------------------+--------+-------+----------+---------+---------------------+


+------------------------------------------------------------------------------------------------------------------------------------------------------------------------------------------------------------------------------------------------------------------------------------------------------------------------------------------------------------------------------------------------------------------+
; Board Trace Model Assignments                                                                                                                                                                                                                                                                                                                                                                                    ;
+---------------+--------------+-------------------+-------------------------+-------------------------+---------------+---------------------+----------------+------------------+--------+------------------+------------------------+------------------------+--------------+---------------+-----------------+-------+---------------------+--------------------+---------------+-----------------+-------------+
; Pin           ; I/O Standard ; Near Tline Length ; Near Tline L per Length ; Near Tline C per Length ; Near Series R ; Near Differential R ; Near Pull-up R ; Near Pull-down R ; Near C ; Far Tline Length ; Far Tline L per Length ; Far Tline C per Length ; Far Series R ; Far Pull-up R ; Far Pull-down R ; Far C ; Termination Voltage ; Far Differential R ; EBD File Name ; EBD Signal Name ; EBD Far-end ;
+---------------+--------------+-------------------+-------------------------+-------------------------+---------------+---------------------+----------------+------------------+--------+------------------+------------------------+------------------------+--------------+---------------+-----------------+-------+---------------------+--------------------+---------------+-----------------+-------------+
; saida[0]      ; 2.5 V        ; 0 in              ; 0 H/in                  ; 0 F/in                  ; short         ; -                   ; open           ; open             ; open   ; 0 in             ; 0 H/in                 ; 0 F/in                 ; short        ; open          ; open            ; open  ; 0 V                 ; -                  ; n/a           ; n/a             ; n/a         ;
; saida[1]      ; 2.5 V        ; 0 in              ; 0 H/in                  ; 0 F/in                  ; short         ; -                   ; open           ; open             ; open   ; 0 in             ; 0 H/in                 ; 0 F/in                 ; short        ; open          ; open            ; open  ; 0 V                 ; -                  ; n/a           ; n/a             ; n/a         ;
; saida[2]      ; 2.5 V        ; 0 in              ; 0 H/in                  ; 0 F/in                  ; short         ; -                   ; open           ; open             ; open   ; 0 in             ; 0 H/in                 ; 0 F/in                 ; short        ; open          ; open            ; open  ; 0 V                 ; -                  ; n/a           ; n/a             ; n/a         ;
; saida[3]      ; 2.5 V        ; 0 in              ; 0 H/in                  ; 0 F/in                  ; short         ; -                   ; open           ; open             ; open   ; 0 in             ; 0 H/in                 ; 0 F/in                 ; short        ; open          ; open            ; open  ; 0 V                 ; -                  ; n/a           ; n/a             ; n/a         ;
; ~ALTERA_DCLK~ ; 2.5 V        ; 0 in              ; 0 H/in                  ; 0 F/in                  ; short         ; -                   ; open           ; open             ; open   ; 0 in             ; 0 H/in                 ; 0 F/in                 ; short        ; open          ; open            ; open  ; 0 V                 ; -                  ; n/a           ; n/a             ; n/a         ;
; ~ALTERA_nCEO~ ; 2.5 V        ; 0 in              ; 0 H/in                  ; 0 F/in                  ; short         ; -                   ; open           ; open             ; open   ; 0 in             ; 0 H/in                 ; 0 F/in                 ; short        ; open          ; open            ; open  ; 0 V                 ; -                  ; n/a           ; n/a             ; n/a         ;
+---------------+--------------+-------------------+-------------------------+-------------------------+---------------+---------------------+----------------+------------------+--------+------------------+------------------------+------------------------+--------------+---------------+-----------------+-------+---------------------+--------------------+---------------+-----------------+-------------+


+----------------------------------------------------------------------------+
; Input Transition Times                                                     ;
+-------------------------+--------------+-----------------+-----------------+
; Pin                     ; I/O Standard ; 10-90 Rise Time ; 90-10 Fall Time ;
+-------------------------+--------------+-----------------+-----------------+
; clock                   ; 2.5 V        ; 2000 ps         ; 2000 ps         ;
; reset                   ; 2.5 V        ; 2000 ps         ; 2000 ps         ;
; ~ALTERA_ASDO_DATA1~     ; 2.5 V        ; 2000 ps         ; 2000 ps         ;
; ~ALTERA_FLASH_nCE_nCSO~ ; 2.5 V        ; 2000 ps         ; 2000 ps         ;
; ~ALTERA_DATA0~          ; 2.5 V        ; 2000 ps         ; 2000 ps         ;
+-------------------------+--------------+-----------------+-----------------+


+--------------------------------------------------------------------------------------------------------------------------------------------------------------------------------------------------------------------------------------------------------------------------------------------------------------------------------------------------------------------------------------------------------------------------------------------------------------------------------------------------------------------------------------------------------------------------------------------------------------------------------------------------------------------------------------------+
; Signal Integrity Metrics (Slow 1200mv n40c Model)                                                                                                                                                                                                                                                                                                                                                                                                                                                                                                                                                                                                                                          ;
+---------------+--------------+---------------------+---------------------+------------------------------+------------------------------+---------------------+---------------------+--------------------------------------+--------------------------------------+-----------------------------+-----------------------------+----------------------------+----------------------------+-----------------------------+-----------------------------+--------------------+--------------------+-------------------------------------+-------------------------------------+----------------------------+----------------------------+---------------------------+---------------------------+
; Pin           ; I/O Standard ; Board Delay on Rise ; Board Delay on Fall ; Steady State Voh at FPGA Pin ; Steady State Vol at FPGA Pin ; Voh Max at FPGA Pin ; Vol Min at FPGA Pin ; Ringback Voltage on Rise at FPGA Pin ; Ringback Voltage on Fall at FPGA Pin ; 10-90 Rise Time at FPGA Pin ; 90-10 Fall Time at FPGA Pin ; Monotonic Rise at FPGA Pin ; Monotonic Fall at FPGA Pin ; Steady State Voh at Far-end ; Steady State Vol at Far-end ; Voh Max at Far-end ; Vol Min at Far-end ; Ringback Voltage on Rise at Far-end ; Ringback Voltage on Fall at Far-end ; 10-90 Rise Time at Far-end ; 90-10 Fall Time at Far-end ; Monotonic Rise at Far-end ; Monotonic Fall at Far-end ;
+---------------+--------------+---------------------+---------------------+------------------------------+------------------------------+---------------------+---------------------+--------------------------------------+--------------------------------------+-----------------------------+-----------------------------+----------------------------+----------------------------+-----------------------------+-----------------------------+--------------------+--------------------+-------------------------------------+-------------------------------------+----------------------------+----------------------------+---------------------------+---------------------------+
; saida[0]      ; 2.5 V        ; 0 s                 ; 0 s                 ; 2.32 V                       ; 1.4e-09 V                    ; 2.34 V              ; -0.00664 V          ; 0.204 V                              ; 0.106 V                              ; 2.63e-09 s                  ; 2.46e-09 s                  ; No                         ; Yes                        ; 2.32 V                      ; 1.4e-09 V                   ; 2.34 V             ; -0.00664 V         ; 0.204 V                             ; 0.106 V                             ; 2.63e-09 s                 ; 2.46e-09 s                 ; No                        ; Yes                       ;
; saida[1]      ; 2.5 V        ; 0 s                 ; 0 s                 ; 2.32 V                       ; 1.4e-09 V                    ; 2.4 V               ; -0.0306 V           ; 0.178 V                              ; 0.087 V                              ; 2.81e-10 s                  ; 2.95e-10 s                  ; Yes                        ; Yes                        ; 2.32 V                      ; 1.4e-09 V                   ; 2.4 V              ; -0.0306 V          ; 0.178 V                             ; 0.087 V                             ; 2.81e-10 s                 ; 2.95e-10 s                 ; Yes                       ; Yes                       ;
; saida[2]      ; 2.5 V        ; 0 s                 ; 0 s                 ; 2.32 V                       ; 1.4e-09 V                    ; 2.39 V              ; -0.0122 V           ; 0.154 V                              ; 0.017 V                              ; 4.74e-10 s                  ; 4.5e-10 s                   ; No                         ; Yes                        ; 2.32 V                      ; 1.4e-09 V                   ; 2.39 V             ; -0.0122 V          ; 0.154 V                             ; 0.017 V                             ; 4.74e-10 s                 ; 4.5e-10 s                  ; No                        ; Yes                       ;
; saida[3]      ; 2.5 V        ; 0 s                 ; 0 s                 ; 2.32 V                       ; 1.4e-09 V                    ; 2.39 V              ; -0.0122 V           ; 0.154 V                              ; 0.017 V                              ; 4.74e-10 s                  ; 4.5e-10 s                   ; No                         ; Yes                        ; 2.32 V                      ; 1.4e-09 V                   ; 2.39 V             ; -0.0122 V          ; 0.154 V                             ; 0.017 V                             ; 4.74e-10 s                 ; 4.5e-10 s                  ; No                        ; Yes                       ;
; ~ALTERA_DCLK~ ; 2.5 V        ; 0 s                 ; 0 s                 ; 2.32 V                       ; 1.16e-09 V                   ; 2.39 V              ; -0.0797 V           ; 0.13 V                               ; 0.103 V                              ; 2.71e-10 s                  ; 2.5e-10 s                   ; Yes                        ; Yes                        ; 2.32 V                      ; 1.16e-09 V                  ; 2.39 V             ; -0.0797 V          ; 0.13 V                              ; 0.103 V                             ; 2.71e-10 s                 ; 2.5e-10 s                  ; Yes                       ; Yes                       ;
; ~ALTERA_nCEO~ ; 2.5 V        ; 0 s                 ; 0 s                 ; 2.32 V                       ; 1.64e-09 V                   ; 2.39 V              ; -0.00331 V          ; 0.132 V                              ; 0.006 V                              ; 4.59e-10 s                  ; 5.62e-10 s                  ; No                         ; Yes                        ; 2.32 V                      ; 1.64e-09 V                  ; 2.39 V             ; -0.00331 V         ; 0.132 V                             ; 0.006 V                             ; 4.59e-10 s                 ; 5.62e-10 s                 ; No                        ; Yes                       ;
+---------------+--------------+---------------------+---------------------+------------------------------+------------------------------+---------------------+---------------------+--------------------------------------+--------------------------------------+-----------------------------+-----------------------------+----------------------------+----------------------------+-----------------------------+-----------------------------+--------------------+--------------------+-------------------------------------+-------------------------------------+----------------------------+----------------------------+---------------------------+---------------------------+


+--------------------------------------------------------------------------------------------------------------------------------------------------------------------------------------------------------------------------------------------------------------------------------------------------------------------------------------------------------------------------------------------------------------------------------------------------------------------------------------------------------------------------------------------------------------------------------------------------------------------------------------------------------------------------------------------+
; Signal Integrity Metrics (Slow 1200mv 125c Model)                                                                                                                                                                                                                                                                                                                                                                                                                                                                                                                                                                                                                                          ;
+---------------+--------------+---------------------+---------------------+------------------------------+------------------------------+---------------------+---------------------+--------------------------------------+--------------------------------------+-----------------------------+-----------------------------+----------------------------+----------------------------+-----------------------------+-----------------------------+--------------------+--------------------+-------------------------------------+-------------------------------------+----------------------------+----------------------------+---------------------------+---------------------------+
; Pin           ; I/O Standard ; Board Delay on Rise ; Board Delay on Fall ; Steady State Voh at FPGA Pin ; Steady State Vol at FPGA Pin ; Voh Max at FPGA Pin ; Vol Min at FPGA Pin ; Ringback Voltage on Rise at FPGA Pin ; Ringback Voltage on Fall at FPGA Pin ; 10-90 Rise Time at FPGA Pin ; 90-10 Fall Time at FPGA Pin ; Monotonic Rise at FPGA Pin ; Monotonic Fall at FPGA Pin ; Steady State Voh at Far-end ; Steady State Vol at Far-end ; Voh Max at Far-end ; Vol Min at Far-end ; Ringback Voltage on Rise at Far-end ; Ringback Voltage on Fall at Far-end ; 10-90 Rise Time at Far-end ; 90-10 Fall Time at Far-end ; Monotonic Rise at Far-end ; Monotonic Fall at Far-end ;
+---------------+--------------+---------------------+---------------------+------------------------------+------------------------------+---------------------+---------------------+--------------------------------------+--------------------------------------+-----------------------------+-----------------------------+----------------------------+----------------------------+-----------------------------+-----------------------------+--------------------+--------------------+-------------------------------------+-------------------------------------+----------------------------+----------------------------+---------------------------+---------------------------+
; saida[0]      ; 2.5 V        ; 0 s                 ; 0 s                 ; 2.32 V                       ; 2.91e-06 V                   ; 2.33 V              ; -0.00204 V          ; 0.091 V                              ; 0.053 V                              ; 3.77e-09 s                  ; 3.59e-09 s                  ; Yes                        ; Yes                        ; 2.32 V                      ; 2.91e-06 V                  ; 2.33 V             ; -0.00204 V         ; 0.091 V                             ; 0.053 V                             ; 3.77e-09 s                 ; 3.59e-09 s                 ; Yes                       ; Yes                       ;
; saida[1]      ; 2.5 V        ; 0 s                 ; 0 s                 ; 2.32 V                       ; 2.91e-06 V                   ; 2.35 V              ; -0.00923 V          ; 0.127 V                              ; 0.041 V                              ; 4.74e-10 s                  ; 4.81e-10 s                  ; Yes                        ; Yes                        ; 2.32 V                      ; 2.91e-06 V                  ; 2.35 V             ; -0.00923 V         ; 0.127 V                             ; 0.041 V                             ; 4.74e-10 s                 ; 4.81e-10 s                 ; Yes                       ; Yes                       ;
; saida[2]      ; 2.5 V        ; 0 s                 ; 0 s                 ; 2.32 V                       ; 2.91e-06 V                   ; 2.34 V              ; -0.0096 V           ; 0.063 V                              ; 0.023 V                              ; 6.92e-10 s                  ; 6.75e-10 s                  ; Yes                        ; Yes                        ; 2.32 V                      ; 2.91e-06 V                  ; 2.34 V             ; -0.0096 V          ; 0.063 V                             ; 0.023 V                             ; 6.92e-10 s                 ; 6.75e-10 s                 ; Yes                       ; Yes                       ;
; saida[3]      ; 2.5 V        ; 0 s                 ; 0 s                 ; 2.32 V                       ; 2.91e-06 V                   ; 2.34 V              ; -0.0096 V           ; 0.063 V                              ; 0.023 V                              ; 6.92e-10 s                  ; 6.75e-10 s                  ; Yes                        ; Yes                        ; 2.32 V                      ; 2.91e-06 V                  ; 2.34 V             ; -0.0096 V          ; 0.063 V                             ; 0.023 V                             ; 6.92e-10 s                 ; 6.75e-10 s                 ; Yes                       ; Yes                       ;
; ~ALTERA_DCLK~ ; 2.5 V        ; 0 s                 ; 0 s                 ; 2.32 V                       ; 2.33e-06 V                   ; 2.35 V              ; -0.00598 V          ; 0.095 V                              ; 0.012 V                              ; 4.54e-10 s                  ; 3.98e-10 s                  ; Yes                        ; Yes                        ; 2.32 V                      ; 2.33e-06 V                  ; 2.35 V             ; -0.00598 V         ; 0.095 V                             ; 0.012 V                             ; 4.54e-10 s                 ; 3.98e-10 s                 ; Yes                       ; Yes                       ;
; ~ALTERA_nCEO~ ; 2.5 V        ; 0 s                 ; 0 s                 ; 2.32 V                       ; 3.86e-06 V                   ; 2.34 V              ; -0.00776 V          ; 0.107 V                              ; 0.033 V                              ; 6.63e-10 s                  ; 8.55e-10 s                  ; Yes                        ; Yes                        ; 2.32 V                      ; 3.86e-06 V                  ; 2.34 V             ; -0.00776 V         ; 0.107 V                             ; 0.033 V                             ; 6.63e-10 s                 ; 8.55e-10 s                 ; Yes                       ; Yes                       ;
+---------------+--------------+---------------------+---------------------+------------------------------+------------------------------+---------------------+---------------------+--------------------------------------+--------------------------------------+-----------------------------+-----------------------------+----------------------------+----------------------------+-----------------------------+-----------------------------+--------------------+--------------------+-------------------------------------+-------------------------------------+----------------------------+----------------------------+---------------------------+---------------------------+


+--------------------------------------------------------------------------------------------------------------------------------------------------------------------------------------------------------------------------------------------------------------------------------------------------------------------------------------------------------------------------------------------------------------------------------------------------------------------------------------------------------------------------------------------------------------------------------------------------------------------------------------------------------------------------------------------+
; Signal Integrity Metrics (Fast 1200mv n40c Model)                                                                                                                                                                                                                                                                                                                                                                                                                                                                                                                                                                                                                                          ;
+---------------+--------------+---------------------+---------------------+------------------------------+------------------------------+---------------------+---------------------+--------------------------------------+--------------------------------------+-----------------------------+-----------------------------+----------------------------+----------------------------+-----------------------------+-----------------------------+--------------------+--------------------+-------------------------------------+-------------------------------------+----------------------------+----------------------------+---------------------------+---------------------------+
; Pin           ; I/O Standard ; Board Delay on Rise ; Board Delay on Fall ; Steady State Voh at FPGA Pin ; Steady State Vol at FPGA Pin ; Voh Max at FPGA Pin ; Vol Min at FPGA Pin ; Ringback Voltage on Rise at FPGA Pin ; Ringback Voltage on Fall at FPGA Pin ; 10-90 Rise Time at FPGA Pin ; 90-10 Fall Time at FPGA Pin ; Monotonic Rise at FPGA Pin ; Monotonic Fall at FPGA Pin ; Steady State Voh at Far-end ; Steady State Vol at Far-end ; Voh Max at Far-end ; Vol Min at Far-end ; Ringback Voltage on Rise at Far-end ; Ringback Voltage on Fall at Far-end ; 10-90 Rise Time at Far-end ; 90-10 Fall Time at Far-end ; Monotonic Rise at Far-end ; Monotonic Fall at Far-end ;
+---------------+--------------+---------------------+---------------------+------------------------------+------------------------------+---------------------+---------------------+--------------------------------------+--------------------------------------+-----------------------------+-----------------------------+----------------------------+----------------------------+-----------------------------+-----------------------------+--------------------+--------------------+-------------------------------------+-------------------------------------+----------------------------+----------------------------+---------------------------+---------------------------+
; saida[0]      ; 2.5 V        ; 0 s                 ; 0 s                 ; 2.62 V                       ; 2.24e-09 V                   ; 2.65 V              ; -0.0149 V           ; 0.207 V                              ; 0.176 V                              ; 2.15e-09 s                  ; 2.03e-09 s                  ; No                         ; Yes                        ; 2.62 V                      ; 2.24e-09 V                  ; 2.65 V             ; -0.0149 V          ; 0.207 V                             ; 0.176 V                             ; 2.15e-09 s                 ; 2.03e-09 s                 ; No                        ; Yes                       ;
; saida[1]      ; 2.5 V        ; 0 s                 ; 0 s                 ; 2.62 V                       ; 2.24e-09 V                   ; 2.76 V              ; -0.0537 V           ; 0.17 V                               ; 0.079 V                              ; 2.61e-10 s                  ; 2.39e-10 s                  ; No                         ; Yes                        ; 2.62 V                      ; 2.24e-09 V                  ; 2.76 V             ; -0.0537 V          ; 0.17 V                              ; 0.079 V                             ; 2.61e-10 s                 ; 2.39e-10 s                 ; No                        ; Yes                       ;
; saida[2]      ; 2.5 V        ; 0 s                 ; 0 s                 ; 2.62 V                       ; 2.24e-09 V                   ; 2.74 V              ; -0.0529 V           ; 0.285 V                              ; 0.071 V                              ; 2.99e-10 s                  ; 3.3e-10 s                   ; No                         ; Yes                        ; 2.62 V                      ; 2.24e-09 V                  ; 2.74 V             ; -0.0529 V          ; 0.285 V                             ; 0.071 V                             ; 2.99e-10 s                 ; 3.3e-10 s                  ; No                        ; Yes                       ;
; saida[3]      ; 2.5 V        ; 0 s                 ; 0 s                 ; 2.62 V                       ; 2.24e-09 V                   ; 2.74 V              ; -0.0529 V           ; 0.285 V                              ; 0.071 V                              ; 2.99e-10 s                  ; 3.3e-10 s                   ; No                         ; Yes                        ; 2.62 V                      ; 2.24e-09 V                  ; 2.74 V             ; -0.0529 V          ; 0.285 V                             ; 0.071 V                             ; 2.99e-10 s                 ; 3.3e-10 s                  ; No                        ; Yes                       ;
; ~ALTERA_DCLK~ ; 2.5 V        ; 0 s                 ; 0 s                 ; 2.62 V                       ; 1.87e-09 V                   ; 2.79 V              ; -0.0524 V           ; 0.19 V                               ; 0.066 V                              ; 2.63e-10 s                  ; 1.96e-10 s                  ; No                         ; Yes                        ; 2.62 V                      ; 1.87e-09 V                  ; 2.79 V             ; -0.0524 V          ; 0.19 V                              ; 0.066 V                             ; 2.63e-10 s                 ; 1.96e-10 s                 ; No                        ; Yes                       ;
; ~ALTERA_nCEO~ ; 2.5 V        ; 0 s                 ; 0 s                 ; 2.62 V                       ; 2.91e-09 V                   ; 2.73 V              ; -0.0159 V           ; 0.231 V                              ; 0.026 V                              ; 2.89e-10 s                  ; 4.54e-10 s                  ; Yes                        ; Yes                        ; 2.62 V                      ; 2.91e-09 V                  ; 2.73 V             ; -0.0159 V          ; 0.231 V                             ; 0.026 V                             ; 2.89e-10 s                 ; 4.54e-10 s                 ; Yes                       ; Yes                       ;
+---------------+--------------+---------------------+---------------------+------------------------------+------------------------------+---------------------+---------------------+--------------------------------------+--------------------------------------+-----------------------------+-----------------------------+----------------------------+----------------------------+-----------------------------+-----------------------------+--------------------+--------------------+-------------------------------------+-------------------------------------+----------------------------+----------------------------+---------------------------+---------------------------+


+-------------------------------------------------------------------+
; Setup Transfers                                                   ;
+------------+----------+----------+----------+----------+----------+
; From Clock ; To Clock ; RR Paths ; FR Paths ; RF Paths ; FF Paths ;
+------------+----------+----------+----------+----------+----------+
; clock      ; clock    ; 22       ; 0        ; 0        ; 0        ;
+------------+----------+----------+----------+----------+----------+
Entries labeled "false path" only account for clock-to-clock false paths and not path-based false paths. As a result, actual path counts may be lower than reported.


+-------------------------------------------------------------------+
; Hold Transfers                                                    ;
+------------+----------+----------+----------+----------+----------+
; From Clock ; To Clock ; RR Paths ; FR Paths ; RF Paths ; FF Paths ;
+------------+----------+----------+----------+----------+----------+
; clock      ; clock    ; 22       ; 0        ; 0        ; 0        ;
+------------+----------+----------+----------+----------+----------+
Entries labeled "false path" only account for clock-to-clock false paths and not path-based false paths. As a result, actual path counts may be lower than reported.


---------------
; Report TCCS ;
---------------
No dedicated SERDES Transmitter circuitry present in device or used in design


---------------
; Report RSKM ;
---------------
No non-DPA dedicated SERDES Receiver circuitry present in device or used in design


+------------------------------------------------+
; Unconstrained Paths Summary                    ;
+---------------------------------+-------+------+
; Property                        ; Setup ; Hold ;
+---------------------------------+-------+------+
; Illegal Clocks                  ; 0     ; 0    ;
; Unconstrained Clocks            ; 0     ; 0    ;
; Unconstrained Input Ports       ; 1     ; 1    ;
; Unconstrained Input Port Paths  ; 5     ; 5    ;
; Unconstrained Output Ports      ; 4     ; 4    ;
; Unconstrained Output Port Paths ; 4     ; 4    ;
+---------------------------------+-------+------+


+-------------------------------------+
; Clock Status Summary                ;
+--------+-------+------+-------------+
; Target ; Clock ; Type ; Status      ;
+--------+-------+------+-------------+
; clock  ; clock ; Base ; Constrained ;
+--------+-------+------+-------------+


+---------------------------------------------------------------------------------------------------+
; Unconstrained Input Ports                                                                         ;
+------------+--------------------------------------------------------------------------------------+
; Input Port ; Comment                                                                              ;
+------------+--------------------------------------------------------------------------------------+
; reset      ; No input delay, min/max delays, false-path exceptions, or max skew assignments found ;
+------------+--------------------------------------------------------------------------------------+


+-----------------------------------------------------------------------------------------------------+
; Unconstrained Output Ports                                                                          ;
+-------------+---------------------------------------------------------------------------------------+
; Output Port ; Comment                                                                               ;
+-------------+---------------------------------------------------------------------------------------+
; saida[0]    ; No output delay, min/max delays, false-path exceptions, or max skew assignments found ;
; saida[1]    ; No output delay, min/max delays, false-path exceptions, or max skew assignments found ;
; saida[2]    ; No output delay, min/max delays, false-path exceptions, or max skew assignments found ;
; saida[3]    ; No output delay, min/max delays, false-path exceptions, or max skew assignments found ;
+-------------+---------------------------------------------------------------------------------------+


+---------------------------------------------------------------------------------------------------+
; Unconstrained Input Ports                                                                         ;
+------------+--------------------------------------------------------------------------------------+
; Input Port ; Comment                                                                              ;
+------------+--------------------------------------------------------------------------------------+
; reset      ; No input delay, min/max delays, false-path exceptions, or max skew assignments found ;
+------------+--------------------------------------------------------------------------------------+


+-----------------------------------------------------------------------------------------------------+
; Unconstrained Output Ports                                                                          ;
+-------------+---------------------------------------------------------------------------------------+
; Output Port ; Comment                                                                               ;
+-------------+---------------------------------------------------------------------------------------+
; saida[0]    ; No output delay, min/max delays, false-path exceptions, or max skew assignments found ;
; saida[1]    ; No output delay, min/max delays, false-path exceptions, or max skew assignments found ;
; saida[2]    ; No output delay, min/max delays, false-path exceptions, or max skew assignments found ;
; saida[3]    ; No output delay, min/max delays, false-path exceptions, or max skew assignments found ;
+-------------+---------------------------------------------------------------------------------------+


+------------------------------------+
; TimeQuest Timing Analyzer Messages ;
+------------------------------------+
Info: *******************************************************************
Info: Running Quartus Prime TimeQuest Timing Analyzer
    Info: Version 16.0.0 Build 211 04/27/2016 SJ Lite Edition
    Info: Processing started: Tue Nov 22 09:26:12 2016
Info: Command: quartus_sta Contador_VL -c Contador_VL
Info: qsta_default_script.tcl version: #1
Warning (20028): Parallel compilation is not licensed and has been disabled
Info (21077): Low junction temperature is -40 degrees C
Info (21077): High junction temperature is 125 degrees C
Critical Warning (332012): Synopsys Design Constraints File file not found: 'Contador_VL.sdc'. A Synopsys Design Constraints File is required by the TimeQuest Timing Analyzer to get proper timing constraints. Without it, the Compiler will not properly optimize the design.
Info (332142): No user constrained base clocks found in the design. Calling "derive_clocks -period 1.0"
Info (332105): Deriving Clocks
    Info (332105): create_clock -period 1.000 -name clock clock
Info (332143): No user constrained clock uncertainty found in the design. Calling "derive_clock_uncertainty"
Info (332123): Deriving Clock Uncertainty. Please refer to report_sdc in TimeQuest to see clock uncertainties.
Info: Found TIMEQUEST_REPORT_SCRIPT_INCLUDE_DEFAULT_ANALYSIS = ON
Info: Analyzing Slow 1200mV 125C Model
Critical Warning (332148): Timing requirements not met
    Info (11105): For recommendations on closing timing, run Report Timing Closure Recommendations in the TimeQuest Timing Analyzer.
Info (332146): Worst-case setup slack is -0.915
    Info (332119):     Slack       End Point TNS Clock 
    Info (332119): ========= =================== =====================
    Info (332119):    -0.915              -3.247 clock 
Info (332146): Worst-case hold slack is 0.428
    Info (332119):     Slack       End Point TNS Clock 
    Info (332119): ========= =================== =====================
    Info (332119):     0.428               0.000 clock 
Info (332140): No Recovery paths to report
Info (332140): No Removal paths to report
Info (332146): Worst-case minimum pulse width slack is -3.000
    Info (332119):     Slack       End Point TNS Clock 
    Info (332119): ========= =================== =====================
    Info (332119):    -3.000             -10.435 clock 
Info: Analyzing Slow 1200mV -40C Model
Info (334003): Started post-fitting delay annotation
Info (334004): Delay annotation completed successfully
Info (332123): Deriving Clock Uncertainty. Please refer to report_sdc in TimeQuest to see clock uncertainties.
Critical Warning (332148): Timing requirements not met
    Info (11105): For recommendations on closing timing, run Report Timing Closure Recommendations in the TimeQuest Timing Analyzer.
Info (332146): Worst-case setup slack is -0.608
    Info (332119):     Slack       End Point TNS Clock 
    Info (332119): ========= =================== =====================
    Info (332119):    -0.608              -2.088 clock 
Info (332146): Worst-case hold slack is 0.343
    Info (332119):     Slack       End Point TNS Clock 
    Info (332119): ========= =================== =====================
    Info (332119):     0.343               0.000 clock 
Info (332140): No Recovery paths to report
Info (332140): No Removal paths to report
Info (332146): Worst-case minimum pulse width slack is -3.000
    Info (332119):     Slack       End Point TNS Clock 
    Info (332119): ========= =================== =====================
    Info (332119):    -3.000              -9.425 clock 
Info: Analyzing Fast 1200mV -40C Model
Info (332123): Deriving Clock Uncertainty. Please refer to report_sdc in TimeQuest to see clock uncertainties.
Info (332146): Worst-case setup slack is 0.145
    Info (332119):     Slack       End Point TNS Clock 
    Info (332119): ========= =================== =====================
    Info (332119):     0.145               0.000 clock 
Info (332146): Worst-case hold slack is 0.179
    Info (332119):     Slack       End Point TNS Clock 
    Info (332119): ========= =================== =====================
    Info (332119):     0.179               0.000 clock 
Info (332140): No Recovery paths to report
Info (332140): No Removal paths to report
Critical Warning (332148): Timing requirements not met
    Info (11105): For recommendations on closing timing, run Report Timing Closure Recommendations in the TimeQuest Timing Analyzer.
Info (332146): Worst-case minimum pulse width slack is -3.000
    Info (332119):     Slack       End Point TNS Clock 
    Info (332119): ========= =================== =====================
    Info (332119):    -3.000              -8.300 clock 
Info (332102): Design is not fully constrained for setup requirements
Info (332102): Design is not fully constrained for hold requirements
Info: Quartus Prime TimeQuest Timing Analyzer was successful. 0 errors, 5 warnings
    Info: Peak virtual memory: 1063 megabytes
    Info: Processing ended: Tue Nov 22 09:26:14 2016
    Info: Elapsed time: 00:00:02
    Info: Total CPU time (on all processors): 00:00:02


